FTPMount-Handler        12-Sep-15 18:00:00  Hunk Section                Page 1-1

 num hunk         size filename         punit    type         base  alv     size
   0 text         d0c4 obj/startup.o    startup. code            0    9     1564
                       obj/tcp.o        tcp.c    code         159c    3     1a2c
                       obj/connect.o    connect. code         2fdc    9     2d68
                       obj/listen.o     listen.c code         5d7c    0      794
                       obj/ftpinfo.o    ftpinfo. code         6510    0      234
                       obj/split.o      split.c  code         6744    0      4e8
                       obj/site.o       site.c   code         6c2c    0     2878
                       obj/local.o      local.c  code         94a4    0      de8
                       obj/request.o    request. code         a28c    0     2740
                       obj/decrypt_pass decrypt_ code         c9cc    0      164
                       Lib:amiga.lib    sprintf. code         cb30    0       28
                       VBCC:PosixLib/Am strcasec code         cb58    0       bc
                       VBCC:PosixLib/Am strncase code         cc14    0       a4
                       LIB:sc.lib       _cxamemc code         ccb8    0       94
                       LIB:sc.lib       _cxamems code         cd4c    0       94
                       LIB:sc.lib       newlist  code         cde0    0       14
                       LIB:sc.lib       createpo code         cdf4    0       c0
                       LIB:sc.lib       createex code         ceb4    0       6c
                       LIB:sc.lib       _stcd_l. code         cf20    0       54
                       LIB:sc.lib       _stcd_i. code         cf74    0       54
                       LIB:sc.lib       dummy.c  code         cfc8    0        4
                       LIB:sc.lib       strstr.o code         cfcc    0       3c
                       LIB:sc.lib       strchr.o code         d008    0       18
                       LIB:sc.lib       strcat.o code         d020    0       18
                       LIB:sc.lib       strncpy. code         d038    0       24
                       LIB:sc.lib       atol.c   code         d05c    0       34
                       LIB:sc.lib       atoi.c   code         d090    0       34
   1 __MERGED      3b8 obj/startup.o    startup. data            0    0      1b4
                       obj/connect.o    connect. data          1b4    0       34
                       obj/request.o    request. data          1e8    0       14
                       LIB:sc.lib       ctype.c  data          1fc    0      104
                       obj/startup.o    startup. bss           300    0       b0
                       obj/local.o      local.c  bss           3b0    0        8
